hello world
hello xiaolaoban
